<!doctype html public "-//w3c//dtd html 4.0 transitional//en">
<html><head>
<title>Static Call Graph - [.\Objects\H750XBH6_QSPI_W25Q128JV.axf]</title></head>
<body><HR>
<H1>Static Call Graph for image .\Objects\H750XBH6_QSPI_W25Q128JV.axf</H1><HR>
<BR><P>#&#060CALLGRAPH&#062# ARM Linker, 6220000: Last Updated: Fri Jun 28 20:11:23 2024
<BR><P>
<H3>Maximum Stack Usage =          0 bytes</H3><H3>
Call chain for Maximum Stack Depth:</H3>

<P>
<H3>
Global Symbols
</H3>
<P><STRONG><a name="[0]"></a>Init</STRONG> (Thumb, 34 bytes, Stack size 8 bytes, flashprg.o(.text), UNUSED)
<BR><BR>[Calls]<UL><LI><a href="#[4]">&gt;&gt;</a>&nbsp;&nbsp;&nbsp;QSPI_MemoryMapped
<LI><a href="#[3]">&gt;&gt;</a>&nbsp;&nbsp;&nbsp;bsp_InitQSPI_W25Q256
<LI><a href="#[2]">&gt;&gt;</a>&nbsp;&nbsp;&nbsp;SystemClock_Config
<LI><a href="#[1]">&gt;&gt;</a>&nbsp;&nbsp;&nbsp;SystemInit
</UL>

<P><STRONG><a name="[5]"></a>UnInit</STRONG> (Thumb, 26 bytes, Stack size 8 bytes, flashprg.o(.text), UNUSED)
<BR><BR>[Calls]<UL><LI><a href="#[4]">&gt;&gt;</a>&nbsp;&nbsp;&nbsp;QSPI_MemoryMapped
<LI><a href="#[3]">&gt;&gt;</a>&nbsp;&nbsp;&nbsp;bsp_InitQSPI_W25Q256
</UL>

<P><STRONG><a name="[6]"></a>EraseChip</STRONG> (Thumb, 30 bytes, Stack size 8 bytes, flashprg.o(.text), UNUSED)
<BR><BR>[Calls]<UL><LI><a href="#[7]">&gt;&gt;</a>&nbsp;&nbsp;&nbsp;QSPI_EraseChip
<LI><a href="#[4]">&gt;&gt;</a>&nbsp;&nbsp;&nbsp;QSPI_MemoryMapped
<LI><a href="#[3]">&gt;&gt;</a>&nbsp;&nbsp;&nbsp;bsp_InitQSPI_W25Q256
</UL>

<P><STRONG><a name="[8]"></a>EraseSector</STRONG> (Thumb, 50 bytes, Stack size 8 bytes, flashprg.o(.text), UNUSED)
<BR><BR>[Calls]<UL><LI><a href="#[9]">&gt;&gt;</a>&nbsp;&nbsp;&nbsp;QSPI_Erase_Bluck_64K
<LI><a href="#[4]">&gt;&gt;</a>&nbsp;&nbsp;&nbsp;QSPI_MemoryMapped
<LI><a href="#[3]">&gt;&gt;</a>&nbsp;&nbsp;&nbsp;bsp_InitQSPI_W25Q256
</UL>

<P><STRONG><a name="[a]"></a>ProgramPage</STRONG> (Thumb, 102 bytes, Stack size 16 bytes, flashprg.o(.text), UNUSED)
<BR><BR>[Calls]<UL><LI><a href="#[b]">&gt;&gt;</a>&nbsp;&nbsp;&nbsp;QSPI_WriteBuffer
<LI><a href="#[4]">&gt;&gt;</a>&nbsp;&nbsp;&nbsp;QSPI_MemoryMapped
<LI><a href="#[3]">&gt;&gt;</a>&nbsp;&nbsp;&nbsp;bsp_InitQSPI_W25Q256
</UL>

<P><STRONG><a name="[1f]"></a>HAL_InitTick</STRONG> (Thumb, 4 bytes, Stack size 0 bytes, bsp.o(.text), UNUSED)
<BR><BR>[Called By]<UL><LI><a href="#[29]">&gt;&gt;</a>&nbsp;&nbsp;&nbsp;HAL_RCC_DeInit
<LI><a href="#[25]">&gt;&gt;</a>&nbsp;&nbsp;&nbsp;HAL_SetTickFreq
<LI><a href="#[1c]">&gt;&gt;</a>&nbsp;&nbsp;&nbsp;HAL_Init
<LI><a href="#[e]">&gt;&gt;</a>&nbsp;&nbsp;&nbsp;HAL_RCC_ClockConfig
</UL>

<P><STRONG><a name="[2]"></a>SystemClock_Config</STRONG> (Thumb, 240 bytes, Stack size 128 bytes, bsp.o(.text), UNUSED)
<BR><BR>[Calls]<UL><LI><a href="#[c]">&gt;&gt;</a>&nbsp;&nbsp;&nbsp;__aeabi_memclr4
<LI><a href="#[f]">&gt;&gt;</a>&nbsp;&nbsp;&nbsp;HAL_EnableCompensationCell
<LI><a href="#[e]">&gt;&gt;</a>&nbsp;&nbsp;&nbsp;HAL_RCC_ClockConfig
<LI><a href="#[d]">&gt;&gt;</a>&nbsp;&nbsp;&nbsp;HAL_RCC_OscConfig
</UL>
<BR>[Called By]<UL><LI><a href="#[0]">&gt;&gt;</a>&nbsp;&nbsp;&nbsp;Init
</UL>

<P><STRONG><a name="[3]"></a>bsp_InitQSPI_W25Q256</STRONG> (Thumb, 96 bytes, Stack size 16 bytes, bsp_qspi_w25q128.o(.text), UNUSED)
<BR><BR>[Calls]<UL><LI><a href="#[c]">&gt;&gt;</a>&nbsp;&nbsp;&nbsp;__aeabi_memclr4
<LI><a href="#[11]">&gt;&gt;</a>&nbsp;&nbsp;&nbsp;HAL_QSPI_Init
<LI><a href="#[10]">&gt;&gt;</a>&nbsp;&nbsp;&nbsp;HAL_QSPI_DeInit
</UL>
<BR>[Called By]<UL><LI><a href="#[a]">&gt;&gt;</a>&nbsp;&nbsp;&nbsp;ProgramPage
<LI><a href="#[8]">&gt;&gt;</a>&nbsp;&nbsp;&nbsp;EraseSector
<LI><a href="#[6]">&gt;&gt;</a>&nbsp;&nbsp;&nbsp;EraseChip
<LI><a href="#[5]">&gt;&gt;</a>&nbsp;&nbsp;&nbsp;UnInit
<LI><a href="#[0]">&gt;&gt;</a>&nbsp;&nbsp;&nbsp;Init
</UL>

<P><STRONG><a name="[12]"></a>HAL_QSPI_MspInit</STRONG> (Thumb, 330 bytes, Stack size 56 bytes, bsp_qspi_w25q128.o(.text), UNUSED)
<BR><BR>[Calls]<UL><LI><a href="#[13]">&gt;&gt;</a>&nbsp;&nbsp;&nbsp;HAL_GPIO_Init
</UL>
<BR>[Called By]<UL><LI><a href="#[11]">&gt;&gt;</a>&nbsp;&nbsp;&nbsp;HAL_QSPI_Init
</UL>

<P><STRONG><a name="[14]"></a>HAL_QSPI_MspDeInit</STRONG> (Thumb, 106 bytes, Stack size 8 bytes, bsp_qspi_w25q128.o(.text), UNUSED)
<BR><BR>[Calls]<UL><LI><a href="#[15]">&gt;&gt;</a>&nbsp;&nbsp;&nbsp;HAL_GPIO_DeInit
</UL>
<BR>[Called By]<UL><LI><a href="#[10]">&gt;&gt;</a>&nbsp;&nbsp;&nbsp;HAL_QSPI_DeInit
</UL>

<P><STRONG><a name="[9]"></a>QSPI_Erase_Bluck_64K</STRONG> (Thumb, 248 bytes, Stack size 168 bytes, bsp_qspi_w25q128.o(.text), UNUSED)
<BR><BR>[Calls]<UL><LI><a href="#[c]">&gt;&gt;</a>&nbsp;&nbsp;&nbsp;__aeabi_memclr4
<LI><a href="#[17]">&gt;&gt;</a>&nbsp;&nbsp;&nbsp;HAL_QSPI_AutoPolling
<LI><a href="#[16]">&gt;&gt;</a>&nbsp;&nbsp;&nbsp;HAL_QSPI_Command
</UL>
<BR>[Called By]<UL><LI><a href="#[8]">&gt;&gt;</a>&nbsp;&nbsp;&nbsp;EraseSector
</UL>

<P><STRONG><a name="[18]"></a>QSPI_WriteEnable</STRONG> (Thumb, 82 bytes, Stack size 64 bytes, bsp_qspi_w25q128.o(.text), UNUSED)
<BR><BR>[Calls]<UL><LI><a href="#[c]">&gt;&gt;</a>&nbsp;&nbsp;&nbsp;__aeabi_memclr4
<LI><a href="#[16]">&gt;&gt;</a>&nbsp;&nbsp;&nbsp;HAL_QSPI_Command
</UL>

<P><STRONG><a name="[19]"></a>QSPI_AutoPollingMemReady</STRONG> (Thumb, 104 bytes, Stack size 88 bytes, bsp_qspi_w25q128.o(.text), UNUSED)
<BR><BR>[Calls]<UL><LI><a href="#[c]">&gt;&gt;</a>&nbsp;&nbsp;&nbsp;__aeabi_memclr4
<LI><a href="#[17]">&gt;&gt;</a>&nbsp;&nbsp;&nbsp;HAL_QSPI_AutoPolling
</UL>

<P><STRONG><a name="[7]"></a>QSPI_EraseChip</STRONG> (Thumb, 240 bytes, Stack size 160 bytes, bsp_qspi_w25q128.o(.text), UNUSED)
<BR><BR>[Calls]<UL><LI><a href="#[c]">&gt;&gt;</a>&nbsp;&nbsp;&nbsp;__aeabi_memclr4
<LI><a href="#[17]">&gt;&gt;</a>&nbsp;&nbsp;&nbsp;HAL_QSPI_AutoPolling
<LI><a href="#[16]">&gt;&gt;</a>&nbsp;&nbsp;&nbsp;HAL_QSPI_Command
</UL>
<BR>[Called By]<UL><LI><a href="#[6]">&gt;&gt;</a>&nbsp;&nbsp;&nbsp;EraseChip
</UL>

<P><STRONG><a name="[b]"></a>QSPI_WriteBuffer</STRONG> (Thumb, 286 bytes, Stack size 168 bytes, bsp_qspi_w25q128.o(.text), UNUSED)
<BR><BR>[Calls]<UL><LI><a href="#[c]">&gt;&gt;</a>&nbsp;&nbsp;&nbsp;__aeabi_memclr4
<LI><a href="#[1a]">&gt;&gt;</a>&nbsp;&nbsp;&nbsp;HAL_QSPI_Transmit
<LI><a href="#[17]">&gt;&gt;</a>&nbsp;&nbsp;&nbsp;HAL_QSPI_AutoPolling
<LI><a href="#[16]">&gt;&gt;</a>&nbsp;&nbsp;&nbsp;HAL_QSPI_Command
</UL>
<BR>[Called By]<UL><LI><a href="#[a]">&gt;&gt;</a>&nbsp;&nbsp;&nbsp;ProgramPage
</UL>

<P><STRONG><a name="[4]"></a>QSPI_MemoryMapped</STRONG> (Thumb, 90 bytes, Stack size 72 bytes, bsp_qspi_w25q128.o(.text), UNUSED)
<BR><BR>[Calls]<UL><LI><a href="#[c]">&gt;&gt;</a>&nbsp;&nbsp;&nbsp;__aeabi_memclr4
<LI><a href="#[1b]">&gt;&gt;</a>&nbsp;&nbsp;&nbsp;HAL_QSPI_MemoryMapped
</UL>
<BR>[Called By]<UL><LI><a href="#[a]">&gt;&gt;</a>&nbsp;&nbsp;&nbsp;ProgramPage
<LI><a href="#[8]">&gt;&gt;</a>&nbsp;&nbsp;&nbsp;EraseSector
<LI><a href="#[6]">&gt;&gt;</a>&nbsp;&nbsp;&nbsp;EraseChip
<LI><a href="#[5]">&gt;&gt;</a>&nbsp;&nbsp;&nbsp;UnInit
<LI><a href="#[0]">&gt;&gt;</a>&nbsp;&nbsp;&nbsp;Init
</UL>

<P><STRONG><a name="[1c]"></a>HAL_Init</STRONG> (Thumb, 106 bytes, Stack size 8 bytes, stm32h7xx_hal.o(.text), UNUSED)
<BR><BR>[Calls]<UL><LI><a href="#[22]">&gt;&gt;</a>&nbsp;&nbsp;&nbsp;HAL_NVIC_SetPriority
<LI><a href="#[21]">&gt;&gt;</a>&nbsp;&nbsp;&nbsp;HAL_SYSTICK_Config
<LI><a href="#[20]">&gt;&gt;</a>&nbsp;&nbsp;&nbsp;HAL_MspInit
<LI><a href="#[1e]">&gt;&gt;</a>&nbsp;&nbsp;&nbsp;HAL_RCC_GetSysClockFreq
<LI><a href="#[1d]">&gt;&gt;</a>&nbsp;&nbsp;&nbsp;HAL_NVIC_SetPriorityGrouping
<LI><a href="#[1f]">&gt;&gt;</a>&nbsp;&nbsp;&nbsp;HAL_InitTick
</UL>

<P><STRONG><a name="[20]"></a>HAL_MspInit</STRONG> (Thumb, 2 bytes, Stack size 0 bytes, stm32h7xx_hal.o(.text), UNUSED)
<BR><BR>[Called By]<UL><LI><a href="#[1c]">&gt;&gt;</a>&nbsp;&nbsp;&nbsp;HAL_Init
</UL>

<P><STRONG><a name="[23]"></a>HAL_DeInit</STRONG> (Thumb, 114 bytes, Stack size 8 bytes, stm32h7xx_hal.o(.text), UNUSED)
<BR><BR>[Calls]<UL><LI><a href="#[24]">&gt;&gt;</a>&nbsp;&nbsp;&nbsp;HAL_MspDeInit
</UL>

<P><STRONG><a name="[24]"></a>HAL_MspDeInit</STRONG> (Thumb, 2 bytes, Stack size 0 bytes, stm32h7xx_hal.o(.text), UNUSED)
<BR><BR>[Called By]<UL><LI><a href="#[23]">&gt;&gt;</a>&nbsp;&nbsp;&nbsp;HAL_DeInit
</UL>

<P><STRONG><a name="[40]"></a>HAL_IncTick</STRONG> (Thumb, 32 bytes, Stack size 0 bytes, stm32h7xx_hal.o(.text), UNUSED)

<P><STRONG><a name="[27]"></a>HAL_GetTick</STRONG> (Thumb, 14 bytes, Stack size 0 bytes, stm32h7xx_hal.o(.text), UNUSED)
<BR><BR>[Called By]<UL><LI><a href="#[38]">&gt;&gt;</a>&nbsp;&nbsp;&nbsp;HAL_QSPI_Abort
<LI><a href="#[37]">&gt;&gt;</a>&nbsp;&nbsp;&nbsp;HAL_QSPI_AutoPolling_IT
<LI><a href="#[36]">&gt;&gt;</a>&nbsp;&nbsp;&nbsp;HAL_QSPI_Receive
<LI><a href="#[35]">&gt;&gt;</a>&nbsp;&nbsp;&nbsp;HAL_QSPI_Command_IT
<LI><a href="#[29]">&gt;&gt;</a>&nbsp;&nbsp;&nbsp;HAL_RCC_DeInit
<LI><a href="#[28]">&gt;&gt;</a>&nbsp;&nbsp;&nbsp;HAL_SYSCFG_EnableVREFBUF
<LI><a href="#[26]">&gt;&gt;</a>&nbsp;&nbsp;&nbsp;HAL_Delay
<LI><a href="#[1b]">&gt;&gt;</a>&nbsp;&nbsp;&nbsp;HAL_QSPI_MemoryMapped
<LI><a href="#[1a]">&gt;&gt;</a>&nbsp;&nbsp;&nbsp;HAL_QSPI_Transmit
<LI><a href="#[17]">&gt;&gt;</a>&nbsp;&nbsp;&nbsp;HAL_QSPI_AutoPolling
<LI><a href="#[16]">&gt;&gt;</a>&nbsp;&nbsp;&nbsp;HAL_QSPI_Command
<LI><a href="#[11]">&gt;&gt;</a>&nbsp;&nbsp;&nbsp;HAL_QSPI_Init
</UL>

<P><STRONG><a name="[41]"></a>HAL_GetTickPrio</STRONG> (Thumb, 14 bytes, Stack size 0 bytes, stm32h7xx_hal.o(.text), UNUSED)

<P><STRONG><a name="[25]"></a>HAL_SetTickFreq</STRONG> (Thumb, 52 bytes, Stack size 16 bytes, stm32h7xx_hal.o(.text), UNUSED)
<BR><BR>[Calls]<UL><LI><a href="#[1f]">&gt;&gt;</a>&nbsp;&nbsp;&nbsp;HAL_InitTick
</UL>

<P><STRONG><a name="[42]"></a>HAL_GetTickFreq</STRONG> (Thumb, 14 bytes, Stack size 0 bytes, stm32h7xx_hal.o(.text), UNUSED)

<P><STRONG><a name="[26]"></a>HAL_Delay</STRONG> (Thumb, 40 bytes, Stack size 16 bytes, stm32h7xx_hal.o(.text), UNUSED)
<BR><BR>[Calls]<UL><LI><a href="#[27]">&gt;&gt;</a>&nbsp;&nbsp;&nbsp;HAL_GetTick
</UL>

<P><STRONG><a name="[43]"></a>HAL_SuspendTick</STRONG> (Thumb, 18 bytes, Stack size 0 bytes, stm32h7xx_hal.o(.text), UNUSED)

<P><STRONG><a name="[44]"></a>HAL_ResumeTick</STRONG> (Thumb, 18 bytes, Stack size 0 bytes, stm32h7xx_hal.o(.text), UNUSED)

<P><STRONG><a name="[45]"></a>HAL_GetHalVersion</STRONG> (Thumb, 8 bytes, Stack size 0 bytes, stm32h7xx_hal.o(.text), UNUSED)

<P><STRONG><a name="[2f]"></a>HAL_GetREVID</STRONG> (Thumb, 14 bytes, Stack size 0 bytes, stm32h7xx_hal.o(.text), UNUSED)
<BR><BR>[Called By]<UL><LI><a href="#[2e]">&gt;&gt;</a>&nbsp;&nbsp;&nbsp;HAL_RCC_GetOscConfig
</UL>

<P><STRONG><a name="[46]"></a>HAL_GetDEVID</STRONG> (Thumb, 16 bytes, Stack size 0 bytes, stm32h7xx_hal.o(.text), UNUSED)

<P><STRONG><a name="[47]"></a>HAL_GetUIDw0</STRONG> (Thumb, 12 bytes, Stack size 0 bytes, stm32h7xx_hal.o(.text), UNUSED)

<P><STRONG><a name="[48]"></a>HAL_GetUIDw1</STRONG> (Thumb, 12 bytes, Stack size 0 bytes, stm32h7xx_hal.o(.text), UNUSED)

<P><STRONG><a name="[49]"></a>HAL_GetUIDw2</STRONG> (Thumb, 12 bytes, Stack size 0 bytes, stm32h7xx_hal.o(.text), UNUSED)

<P><STRONG><a name="[4a]"></a>HAL_SYSCFG_VREFBUF_VoltageScalingConfig</STRONG> (Thumb, 20 bytes, Stack size 0 bytes, stm32h7xx_hal.o(.text), UNUSED)

<P><STRONG><a name="[4b]"></a>HAL_SYSCFG_VREFBUF_HighImpedanceConfig</STRONG> (Thumb, 20 bytes, Stack size 0 bytes, stm32h7xx_hal.o(.text), UNUSED)

<P><STRONG><a name="[4c]"></a>HAL_SYSCFG_VREFBUF_TrimmingConfig</STRONG> (Thumb, 20 bytes, Stack size 0 bytes, stm32h7xx_hal.o(.text), UNUSED)

<P><STRONG><a name="[28]"></a>HAL_SYSCFG_EnableVREFBUF</STRONG> (Thumb, 48 bytes, Stack size 16 bytes, stm32h7xx_hal.o(.text), UNUSED)
<BR><BR>[Calls]<UL><LI><a href="#[27]">&gt;&gt;</a>&nbsp;&nbsp;&nbsp;HAL_GetTick
</UL>

<P><STRONG><a name="[4d]"></a>HAL_SYSCFG_DisableVREFBUF</STRONG> (Thumb, 18 bytes, Stack size 0 bytes, stm32h7xx_hal.o(.text), UNUSED)

<P><STRONG><a name="[4e]"></a>HAL_SYSCFG_ETHInterfaceSelect</STRONG> (Thumb, 20 bytes, Stack size 0 bytes, stm32h7xx_hal.o(.text), UNUSED)

<P><STRONG><a name="[4f]"></a>HAL_SYSCFG_AnalogSwitchConfig</STRONG> (Thumb, 20 bytes, Stack size 0 bytes, stm32h7xx_hal.o(.text), UNUSED)

<P><STRONG><a name="[50]"></a>HAL_SYSCFG_EnableBOOST</STRONG> (Thumb, 18 bytes, Stack size 0 bytes, stm32h7xx_hal.o(.text), UNUSED)

<P><STRONG><a name="[51]"></a>HAL_SYSCFG_DisableBOOST</STRONG> (Thumb, 18 bytes, Stack size 0 bytes, stm32h7xx_hal.o(.text), UNUSED)

<P><STRONG><a name="[52]"></a>HAL_SYSCFG_CM7BootAddConfig</STRONG> (Thumb, 32 bytes, Stack size 0 bytes, stm32h7xx_hal.o(.text), UNUSED)

<P><STRONG><a name="[f]"></a>HAL_EnableCompensationCell</STRONG> (Thumb, 18 bytes, Stack size 0 bytes, stm32h7xx_hal.o(.text), UNUSED)
<BR><BR>[Called By]<UL><LI><a href="#[2]">&gt;&gt;</a>&nbsp;&nbsp;&nbsp;SystemClock_Config
</UL>

<P><STRONG><a name="[53]"></a>HAL_DisableCompensationCell</STRONG> (Thumb, 18 bytes, Stack size 0 bytes, stm32h7xx_hal.o(.text), UNUSED)

<P><STRONG><a name="[54]"></a>HAL_SYSCFG_EnableIOSpeedOptimize</STRONG> (Thumb, 18 bytes, Stack size 0 bytes, stm32h7xx_hal.o(.text), UNUSED)

<P><STRONG><a name="[55]"></a>HAL_SYSCFG_DisableIOSpeedOptimize</STRONG> (Thumb, 18 bytes, Stack size 0 bytes, stm32h7xx_hal.o(.text), UNUSED)

<P><STRONG><a name="[56]"></a>HAL_SYSCFG_CompensationCodeSelect</STRONG> (Thumb, 20 bytes, Stack size 0 bytes, stm32h7xx_hal.o(.text), UNUSED)

<P><STRONG><a name="[57]"></a>HAL_SYSCFG_CompensationCodeConfig</STRONG> (Thumb, 24 bytes, Stack size 0 bytes, stm32h7xx_hal.o(.text), UNUSED)

<P><STRONG><a name="[58]"></a>HAL_DBGMCU_EnableDBGSleepMode</STRONG> (Thumb, 18 bytes, Stack size 0 bytes, stm32h7xx_hal.o(.text), UNUSED)

<P><STRONG><a name="[59]"></a>HAL_DBGMCU_DisableDBGSleepMode</STRONG> (Thumb, 18 bytes, Stack size 0 bytes, stm32h7xx_hal.o(.text), UNUSED)

<P><STRONG><a name="[5a]"></a>HAL_DBGMCU_EnableDBGStopMode</STRONG> (Thumb, 18 bytes, Stack size 0 bytes, stm32h7xx_hal.o(.text), UNUSED)

<P><STRONG><a name="[5b]"></a>HAL_DBGMCU_DisableDBGStopMode</STRONG> (Thumb, 18 bytes, Stack size 0 bytes, stm32h7xx_hal.o(.text), UNUSED)

<P><STRONG><a name="[5c]"></a>HAL_DBGMCU_EnableDBGStandbyMode</STRONG> (Thumb, 18 bytes, Stack size 0 bytes, stm32h7xx_hal.o(.text), UNUSED)

<P><STRONG><a name="[5d]"></a>HAL_DBGMCU_DisableDBGStandbyMode</STRONG> (Thumb, 18 bytes, Stack size 0 bytes, stm32h7xx_hal.o(.text), UNUSED)

<P><STRONG><a name="[5e]"></a>HAL_EnableDomain3DBGStopMode</STRONG> (Thumb, 18 bytes, Stack size 0 bytes, stm32h7xx_hal.o(.text), UNUSED)

<P><STRONG><a name="[5f]"></a>HAL_DisableDomain3DBGStopMode</STRONG> (Thumb, 18 bytes, Stack size 0 bytes, stm32h7xx_hal.o(.text), UNUSED)

<P><STRONG><a name="[60]"></a>HAL_EnableDomain3DBGStandbyMode</STRONG> (Thumb, 18 bytes, Stack size 0 bytes, stm32h7xx_hal.o(.text), UNUSED)

<P><STRONG><a name="[61]"></a>HAL_DisableDomain3DBGStandbyMode</STRONG> (Thumb, 18 bytes, Stack size 0 bytes, stm32h7xx_hal.o(.text), UNUSED)

<P><STRONG><a name="[62]"></a>HAL_SetFMCMemorySwappingConfig</STRONG> (Thumb, 20 bytes, Stack size 0 bytes, stm32h7xx_hal.o(.text), UNUSED)

<P><STRONG><a name="[63]"></a>HAL_GetFMCMemorySwappingConfig</STRONG> (Thumb, 16 bytes, Stack size 0 bytes, stm32h7xx_hal.o(.text), UNUSED)

<P><STRONG><a name="[64]"></a>HAL_EXTI_EdgeConfig</STRONG> (Thumb, 82 bytes, Stack size 8 bytes, stm32h7xx_hal.o(.text), UNUSED)

<P><STRONG><a name="[65]"></a>HAL_EXTI_GenerateSWInterrupt</STRONG> (Thumb, 28 bytes, Stack size 0 bytes, stm32h7xx_hal.o(.text), UNUSED)

<P><STRONG><a name="[66]"></a>HAL_EXTI_D1_ClearFlag</STRONG> (Thumb, 26 bytes, Stack size 0 bytes, stm32h7xx_hal.o(.text), UNUSED)

<P><STRONG><a name="[67]"></a>HAL_EXTI_D1_EventInputConfig</STRONG> (Thumb, 100 bytes, Stack size 16 bytes, stm32h7xx_hal.o(.text), UNUSED)

<P><STRONG><a name="[68]"></a>HAL_EXTI_D3_EventInputConfig</STRONG> (Thumb, 102 bytes, Stack size 8 bytes, stm32h7xx_hal.o(.text), UNUSED)

<P><STRONG><a name="[29]"></a>HAL_RCC_DeInit</STRONG> (Thumb, 450 bytes, Stack size 24 bytes, stm32h7xx_hal_rcc.o(.text), UNUSED)
<BR><BR>[Calls]<UL><LI><a href="#[27]">&gt;&gt;</a>&nbsp;&nbsp;&nbsp;HAL_GetTick
<LI><a href="#[1f]">&gt;&gt;</a>&nbsp;&nbsp;&nbsp;HAL_InitTick
</UL>

<P><STRONG><a name="[d]"></a>HAL_RCC_OscConfig</STRONG> (Thumb, 430 bytes, Stack size 8 bytes, stm32h7xx_hal_rcc.o(.text), UNUSED)
<BR><BR>[Called By]<UL><LI><a href="#[2]">&gt;&gt;</a>&nbsp;&nbsp;&nbsp;SystemClock_Config
</UL>

<P><STRONG><a name="[e]"></a>HAL_RCC_ClockConfig</STRONG> (Thumb, 556 bytes, Stack size 32 bytes, stm32h7xx_hal_rcc.o(.text), UNUSED)
<BR><BR>[Calls]<UL><LI><a href="#[1e]">&gt;&gt;</a>&nbsp;&nbsp;&nbsp;HAL_RCC_GetSysClockFreq
<LI><a href="#[1f]">&gt;&gt;</a>&nbsp;&nbsp;&nbsp;HAL_InitTick
</UL>
<BR>[Called By]<UL><LI><a href="#[2]">&gt;&gt;</a>&nbsp;&nbsp;&nbsp;SystemClock_Config
</UL>

<P><STRONG><a name="[1e]"></a>HAL_RCC_GetSysClockFreq</STRONG> (Thumb, 252 bytes, Stack size 0 bytes, stm32h7xx_hal_rcc.o(.text), UNUSED)
<BR><BR>[Called By]<UL><LI><a href="#[2d]">&gt;&gt;</a>&nbsp;&nbsp;&nbsp;HAL_RCC_GetPCLK2Freq
<LI><a href="#[2c]">&gt;&gt;</a>&nbsp;&nbsp;&nbsp;HAL_RCC_GetPCLK1Freq
<LI><a href="#[2b]">&gt;&gt;</a>&nbsp;&nbsp;&nbsp;HAL_RCC_GetHCLKFreq
<LI><a href="#[1c]">&gt;&gt;</a>&nbsp;&nbsp;&nbsp;HAL_Init
<LI><a href="#[e]">&gt;&gt;</a>&nbsp;&nbsp;&nbsp;HAL_RCC_ClockConfig
</UL>

<P><STRONG><a name="[2a]"></a>HAL_RCC_MCOConfig</STRONG> (Thumb, 156 bytes, Stack size 40 bytes, stm32h7xx_hal_rcc.o(.text), UNUSED)
<BR><BR>[Calls]<UL><LI><a href="#[13]">&gt;&gt;</a>&nbsp;&nbsp;&nbsp;HAL_GPIO_Init
</UL>

<P><STRONG><a name="[69]"></a>HAL_RCC_EnableCSS</STRONG> (Thumb, 18 bytes, Stack size 0 bytes, stm32h7xx_hal_rcc.o(.text), UNUSED)

<P><STRONG><a name="[6a]"></a>HAL_RCC_DisableCSS</STRONG> (Thumb, 18 bytes, Stack size 0 bytes, stm32h7xx_hal_rcc.o(.text), UNUSED)

<P><STRONG><a name="[2b]"></a>HAL_RCC_GetHCLKFreq</STRONG> (Thumb, 82 bytes, Stack size 8 bytes, stm32h7xx_hal_rcc.o(.text), UNUSED)
<BR><BR>[Calls]<UL><LI><a href="#[1e]">&gt;&gt;</a>&nbsp;&nbsp;&nbsp;HAL_RCC_GetSysClockFreq
</UL>

<P><STRONG><a name="[2c]"></a>HAL_RCC_GetPCLK1Freq</STRONG> (Thumb, 102 bytes, Stack size 8 bytes, stm32h7xx_hal_rcc.o(.text), UNUSED)
<BR><BR>[Calls]<UL><LI><a href="#[1e]">&gt;&gt;</a>&nbsp;&nbsp;&nbsp;HAL_RCC_GetSysClockFreq
</UL>

<P><STRONG><a name="[2d]"></a>HAL_RCC_GetPCLK2Freq</STRONG> (Thumb, 102 bytes, Stack size 8 bytes, stm32h7xx_hal_rcc.o(.text), UNUSED)
<BR><BR>[Calls]<UL><LI><a href="#[1e]">&gt;&gt;</a>&nbsp;&nbsp;&nbsp;HAL_RCC_GetSysClockFreq
</UL>

<P><STRONG><a name="[2e]"></a>HAL_RCC_GetOscConfig</STRONG> (Thumb, 272 bytes, Stack size 24 bytes, stm32h7xx_hal_rcc.o(.text), UNUSED)
<BR><BR>[Calls]<UL><LI><a href="#[2f]">&gt;&gt;</a>&nbsp;&nbsp;&nbsp;HAL_GetREVID
</UL>

<P><STRONG><a name="[6b]"></a>HAL_RCC_GetClockConfig</STRONG> (Thumb, 88 bytes, Stack size 0 bytes, stm32h7xx_hal_rcc.o(.text), UNUSED)

<P><STRONG><a name="[30]"></a>HAL_RCC_NMI_IRQHandler</STRONG> (Thumb, 30 bytes, Stack size 8 bytes, stm32h7xx_hal_rcc.o(.text), UNUSED)
<BR><BR>[Calls]<UL><LI><a href="#[31]">&gt;&gt;</a>&nbsp;&nbsp;&nbsp;HAL_RCC_CSSCallback
</UL>

<P><STRONG><a name="[31]"></a>HAL_RCC_CSSCallback</STRONG> (Thumb, 2 bytes, Stack size 0 bytes, stm32h7xx_hal_rcc.o(.text), UNUSED)
<BR><BR>[Called By]<UL><LI><a href="#[30]">&gt;&gt;</a>&nbsp;&nbsp;&nbsp;HAL_RCC_NMI_IRQHandler
</UL>

<P><STRONG><a name="[13]"></a>HAL_GPIO_Init</STRONG> (Thumb, 416 bytes, Stack size 44 bytes, stm32h7xx_hal_gpio.o(.text), UNUSED)
<BR><BR>[Called By]<UL><LI><a href="#[2a]">&gt;&gt;</a>&nbsp;&nbsp;&nbsp;HAL_RCC_MCOConfig
<LI><a href="#[12]">&gt;&gt;</a>&nbsp;&nbsp;&nbsp;HAL_QSPI_MspInit
</UL>

<P><STRONG><a name="[15]"></a>HAL_GPIO_DeInit</STRONG> (Thumb, 278 bytes, Stack size 36 bytes, stm32h7xx_hal_gpio.o(.text), UNUSED)
<BR><BR>[Called By]<UL><LI><a href="#[14]">&gt;&gt;</a>&nbsp;&nbsp;&nbsp;HAL_QSPI_MspDeInit
</UL>

<P><STRONG><a name="[6c]"></a>HAL_GPIO_ReadPin</STRONG> (Thumb, 10 bytes, Stack size 0 bytes, stm32h7xx_hal_gpio.o(.text), UNUSED)

<P><STRONG><a name="[6d]"></a>HAL_GPIO_WritePin</STRONG> (Thumb, 10 bytes, Stack size 0 bytes, stm32h7xx_hal_gpio.o(.text), UNUSED)

<P><STRONG><a name="[6e]"></a>HAL_GPIO_TogglePin</STRONG> (Thumb, 14 bytes, Stack size 0 bytes, stm32h7xx_hal_gpio.o(.text), UNUSED)

<P><STRONG><a name="[6f]"></a>HAL_GPIO_LockPin</STRONG> (Thumb, 44 bytes, Stack size 4 bytes, stm32h7xx_hal_gpio.o(.text), UNUSED)

<P><STRONG><a name="[32]"></a>HAL_GPIO_EXTI_IRQHandler</STRONG> (Thumb, 20 bytes, Stack size 0 bytes, stm32h7xx_hal_gpio.o(.text), UNUSED)
<BR><BR>[Calls]<UL><LI><a href="#[33]">&gt;&gt;</a>&nbsp;&nbsp;&nbsp;HAL_GPIO_EXTI_Callback
</UL>

<P><STRONG><a name="[33]"></a>HAL_GPIO_EXTI_Callback</STRONG> (Thumb, 2 bytes, Stack size 0 bytes, stm32h7xx_hal_gpio.o(.text), UNUSED)
<BR><BR>[Called By]<UL><LI><a href="#[32]">&gt;&gt;</a>&nbsp;&nbsp;&nbsp;HAL_GPIO_EXTI_IRQHandler
</UL>

<P><STRONG><a name="[11]"></a>HAL_QSPI_Init</STRONG> (Thumb, 146 bytes, Stack size 16 bytes, stm32h7xx_hal_qspi.o(.text), UNUSED)
<BR><BR>[Calls]<UL><LI><a href="#[27]">&gt;&gt;</a>&nbsp;&nbsp;&nbsp;HAL_GetTick
<LI><a href="#[12]">&gt;&gt;</a>&nbsp;&nbsp;&nbsp;HAL_QSPI_MspInit
</UL>
<BR>[Called By]<UL><LI><a href="#[3]">&gt;&gt;</a>&nbsp;&nbsp;&nbsp;bsp_InitQSPI_W25Q256
</UL>

<P><STRONG><a name="[70]"></a>HAL_QSPI_SetTimeout</STRONG> (Thumb, 4 bytes, Stack size 0 bytes, stm32h7xx_hal_qspi.o(.text), UNUSED)

<P><STRONG><a name="[10]"></a>HAL_QSPI_DeInit</STRONG> (Thumb, 34 bytes, Stack size 8 bytes, stm32h7xx_hal_qspi.o(.text), UNUSED)
<BR><BR>[Calls]<UL><LI><a href="#[14]">&gt;&gt;</a>&nbsp;&nbsp;&nbsp;HAL_QSPI_MspDeInit
</UL>
<BR>[Called By]<UL><LI><a href="#[3]">&gt;&gt;</a>&nbsp;&nbsp;&nbsp;bsp_InitQSPI_W25Q256
</UL>

<P><STRONG><a name="[16]"></a>HAL_QSPI_Command</STRONG> (Thumb, 102 bytes, Stack size 16 bytes, stm32h7xx_hal_qspi.o(.text), UNUSED)
<BR><BR>[Calls]<UL><LI><a href="#[34]">&gt;&gt;</a>&nbsp;&nbsp;&nbsp;QSPI_Config
<LI><a href="#[27]">&gt;&gt;</a>&nbsp;&nbsp;&nbsp;HAL_GetTick
</UL>
<BR>[Called By]<UL><LI><a href="#[18]">&gt;&gt;</a>&nbsp;&nbsp;&nbsp;QSPI_WriteEnable
<LI><a href="#[b]">&gt;&gt;</a>&nbsp;&nbsp;&nbsp;QSPI_WriteBuffer
<LI><a href="#[9]">&gt;&gt;</a>&nbsp;&nbsp;&nbsp;QSPI_Erase_Bluck_64K
<LI><a href="#[7]">&gt;&gt;</a>&nbsp;&nbsp;&nbsp;QSPI_EraseChip
</UL>

<P><STRONG><a name="[35]"></a>HAL_QSPI_Command_IT</STRONG> (Thumb, 114 bytes, Stack size 16 bytes, stm32h7xx_hal_qspi.o(.text), UNUSED)
<BR><BR>[Calls]<UL><LI><a href="#[34]">&gt;&gt;</a>&nbsp;&nbsp;&nbsp;QSPI_Config
<LI><a href="#[27]">&gt;&gt;</a>&nbsp;&nbsp;&nbsp;HAL_GetTick
</UL>

<P><STRONG><a name="[1a]"></a>HAL_QSPI_Transmit</STRONG> (Thumb, 158 bytes, Stack size 16 bytes, stm32h7xx_hal_qspi.o(.text), UNUSED)
<BR><BR>[Calls]<UL><LI><a href="#[27]">&gt;&gt;</a>&nbsp;&nbsp;&nbsp;HAL_GetTick
</UL>
<BR>[Called By]<UL><LI><a href="#[b]">&gt;&gt;</a>&nbsp;&nbsp;&nbsp;QSPI_WriteBuffer
</UL>

<P><STRONG><a name="[36]"></a>HAL_QSPI_Receive</STRONG> (Thumb, 162 bytes, Stack size 16 bytes, stm32h7xx_hal_qspi.o(.text), UNUSED)
<BR><BR>[Calls]<UL><LI><a href="#[27]">&gt;&gt;</a>&nbsp;&nbsp;&nbsp;HAL_GetTick
</UL>

<P><STRONG><a name="[71]"></a>HAL_QSPI_Transmit_IT</STRONG> (Thumb, 122 bytes, Stack size 0 bytes, stm32h7xx_hal_qspi.o(.text), UNUSED)

<P><STRONG><a name="[72]"></a>HAL_QSPI_Receive_IT</STRONG> (Thumb, 124 bytes, Stack size 8 bytes, stm32h7xx_hal_qspi.o(.text), UNUSED)

<P><STRONG><a name="[17]"></a>HAL_QSPI_AutoPolling</STRONG> (Thumb, 134 bytes, Stack size 16 bytes, stm32h7xx_hal_qspi.o(.text), UNUSED)
<BR><BR>[Calls]<UL><LI><a href="#[34]">&gt;&gt;</a>&nbsp;&nbsp;&nbsp;QSPI_Config
<LI><a href="#[27]">&gt;&gt;</a>&nbsp;&nbsp;&nbsp;HAL_GetTick
</UL>
<BR>[Called By]<UL><LI><a href="#[19]">&gt;&gt;</a>&nbsp;&nbsp;&nbsp;QSPI_AutoPollingMemReady
<LI><a href="#[b]">&gt;&gt;</a>&nbsp;&nbsp;&nbsp;QSPI_WriteBuffer
<LI><a href="#[9]">&gt;&gt;</a>&nbsp;&nbsp;&nbsp;QSPI_Erase_Bluck_64K
<LI><a href="#[7]">&gt;&gt;</a>&nbsp;&nbsp;&nbsp;QSPI_EraseChip
</UL>

<P><STRONG><a name="[37]"></a>HAL_QSPI_AutoPolling_IT</STRONG> (Thumb, 128 bytes, Stack size 16 bytes, stm32h7xx_hal_qspi.o(.text), UNUSED)
<BR><BR>[Calls]<UL><LI><a href="#[34]">&gt;&gt;</a>&nbsp;&nbsp;&nbsp;QSPI_Config
<LI><a href="#[27]">&gt;&gt;</a>&nbsp;&nbsp;&nbsp;HAL_GetTick
</UL>

<P><STRONG><a name="[1b]"></a>HAL_QSPI_MemoryMapped</STRONG> (Thumb, 118 bytes, Stack size 16 bytes, stm32h7xx_hal_qspi.o(.text), UNUSED)
<BR><BR>[Calls]<UL><LI><a href="#[34]">&gt;&gt;</a>&nbsp;&nbsp;&nbsp;QSPI_Config
<LI><a href="#[27]">&gt;&gt;</a>&nbsp;&nbsp;&nbsp;HAL_GetTick
</UL>
<BR>[Called By]<UL><LI><a href="#[4]">&gt;&gt;</a>&nbsp;&nbsp;&nbsp;QSPI_MemoryMapped
</UL>

<P><STRONG><a name="[73]"></a>HAL_QSPI_ErrorCallback</STRONG> (Thumb, 2 bytes, Stack size 0 bytes, stm32h7xx_hal_qspi.o(.text), UNUSED)

<P><STRONG><a name="[74]"></a>HAL_QSPI_AbortCpltCallback</STRONG> (Thumb, 2 bytes, Stack size 0 bytes, stm32h7xx_hal_qspi.o(.text), UNUSED)

<P><STRONG><a name="[75]"></a>HAL_QSPI_CmdCpltCallback</STRONG> (Thumb, 2 bytes, Stack size 0 bytes, stm32h7xx_hal_qspi.o(.text), UNUSED)

<P><STRONG><a name="[76]"></a>HAL_QSPI_RxCpltCallback</STRONG> (Thumb, 2 bytes, Stack size 0 bytes, stm32h7xx_hal_qspi.o(.text), UNUSED)

<P><STRONG><a name="[77]"></a>HAL_QSPI_TxCpltCallback</STRONG> (Thumb, 2 bytes, Stack size 0 bytes, stm32h7xx_hal_qspi.o(.text), UNUSED)

<P><STRONG><a name="[78]"></a>HAL_QSPI_FifoThresholdCallback</STRONG> (Thumb, 2 bytes, Stack size 0 bytes, stm32h7xx_hal_qspi.o(.text), UNUSED)

<P><STRONG><a name="[79]"></a>HAL_QSPI_StatusMatchCallback</STRONG> (Thumb, 2 bytes, Stack size 0 bytes, stm32h7xx_hal_qspi.o(.text), UNUSED)

<P><STRONG><a name="[7a]"></a>HAL_QSPI_TimeOutCallback</STRONG> (Thumb, 2 bytes, Stack size 0 bytes, stm32h7xx_hal_qspi.o(.text), UNUSED)

<P><STRONG><a name="[7b]"></a>HAL_QSPI_GetState</STRONG> (Thumb, 6 bytes, Stack size 0 bytes, stm32h7xx_hal_qspi.o(.text), UNUSED)

<P><STRONG><a name="[7c]"></a>HAL_QSPI_GetError</STRONG> (Thumb, 4 bytes, Stack size 0 bytes, stm32h7xx_hal_qspi.o(.text), UNUSED)

<P><STRONG><a name="[38]"></a>HAL_QSPI_Abort</STRONG> (Thumb, 68 bytes, Stack size 8 bytes, stm32h7xx_hal_qspi.o(.text), UNUSED)
<BR><BR>[Calls]<UL><LI><a href="#[27]">&gt;&gt;</a>&nbsp;&nbsp;&nbsp;HAL_GetTick
</UL>

<P><STRONG><a name="[7d]"></a>HAL_QSPI_SetFifoThreshold</STRONG> (Thumb, 64 bytes, Stack size 0 bytes, stm32h7xx_hal_qspi.o(.text), UNUSED)

<P><STRONG><a name="[7e]"></a>HAL_QSPI_GetFifoThreshold</STRONG> (Thumb, 12 bytes, Stack size 0 bytes, stm32h7xx_hal_qspi.o(.text), UNUSED)

<P><STRONG><a name="[7f]"></a>HAL_QSPI_SetFlashID</STRONG> (Thumb, 56 bytes, Stack size 0 bytes, stm32h7xx_hal_qspi.o(.text), UNUSED)

<P><STRONG><a name="[1d]"></a>HAL_NVIC_SetPriorityGrouping</STRONG> (Thumb, 32 bytes, Stack size 0 bytes, stm32h7xx_hal_cortex.o(.text), UNUSED)
<BR><BR>[Called By]<UL><LI><a href="#[1c]">&gt;&gt;</a>&nbsp;&nbsp;&nbsp;HAL_Init
</UL>

<P><STRONG><a name="[22]"></a>HAL_NVIC_SetPriority</STRONG> (Thumb, 90 bytes, Stack size 16 bytes, stm32h7xx_hal_cortex.o(.text), UNUSED)
<BR><BR>[Called By]<UL><LI><a href="#[1c]">&gt;&gt;</a>&nbsp;&nbsp;&nbsp;HAL_Init
</UL>

<P><STRONG><a name="[80]"></a>HAL_NVIC_EnableIRQ</STRONG> (Thumb, 34 bytes, Stack size 0 bytes, stm32h7xx_hal_cortex.o(.text), UNUSED)

<P><STRONG><a name="[81]"></a>HAL_NVIC_DisableIRQ</STRONG> (Thumb, 42 bytes, Stack size 0 bytes, stm32h7xx_hal_cortex.o(.text), UNUSED)

<P><STRONG><a name="[39]"></a>HAL_NVIC_SystemReset</STRONG> (Thumb, 4 bytes, Stack size 0 bytes, stm32h7xx_hal_cortex.o(.text), UNUSED)
<BR><BR>[Calls]<UL><LI><a href="#[3a]">&gt;&gt;</a>&nbsp;&nbsp;&nbsp;__NVIC_SystemReset
</UL>

<P><STRONG><a name="[21]"></a>HAL_SYSTICK_Config</STRONG> (Thumb, 44 bytes, Stack size 0 bytes, stm32h7xx_hal_cortex.o(.text), UNUSED)
<BR><BR>[Called By]<UL><LI><a href="#[1c]">&gt;&gt;</a>&nbsp;&nbsp;&nbsp;HAL_Init
</UL>

<P><STRONG><a name="[82]"></a>HAL_MPU_Disable</STRONG> (Thumb, 26 bytes, Stack size 0 bytes, stm32h7xx_hal_cortex.o(.text), UNUSED)

<P><STRONG><a name="[83]"></a>HAL_MPU_Enable</STRONG> (Thumb, 32 bytes, Stack size 0 bytes, stm32h7xx_hal_cortex.o(.text), UNUSED)

<P><STRONG><a name="[84]"></a>HAL_MPU_ConfigRegion</STRONG> (Thumb, 94 bytes, Stack size 16 bytes, stm32h7xx_hal_cortex.o(.text), UNUSED)

<P><STRONG><a name="[85]"></a>HAL_NVIC_GetPriorityGrouping</STRONG> (Thumb, 16 bytes, Stack size 0 bytes, stm32h7xx_hal_cortex.o(.text), UNUSED)

<P><STRONG><a name="[86]"></a>HAL_NVIC_GetPriority</STRONG> (Thumb, 88 bytes, Stack size 8 bytes, stm32h7xx_hal_cortex.o(.text), UNUSED)

<P><STRONG><a name="[87]"></a>HAL_NVIC_SetPendingIRQ</STRONG> (Thumb, 34 bytes, Stack size 0 bytes, stm32h7xx_hal_cortex.o(.text), UNUSED)

<P><STRONG><a name="[88]"></a>HAL_NVIC_GetPendingIRQ</STRONG> (Thumb, 38 bytes, Stack size 0 bytes, stm32h7xx_hal_cortex.o(.text), UNUSED)

<P><STRONG><a name="[89]"></a>HAL_NVIC_ClearPendingIRQ</STRONG> (Thumb, 34 bytes, Stack size 0 bytes, stm32h7xx_hal_cortex.o(.text), UNUSED)

<P><STRONG><a name="[8a]"></a>HAL_NVIC_GetActive</STRONG> (Thumb, 38 bytes, Stack size 0 bytes, stm32h7xx_hal_cortex.o(.text), UNUSED)

<P><STRONG><a name="[8b]"></a>HAL_SYSTICK_CLKSourceConfig</STRONG> (Thumb, 24 bytes, Stack size 0 bytes, stm32h7xx_hal_cortex.o(.text), UNUSED)

<P><STRONG><a name="[3b]"></a>HAL_SYSTICK_IRQHandler</STRONG> (Thumb, 4 bytes, Stack size 0 bytes, stm32h7xx_hal_cortex.o(.text), UNUSED)
<BR><BR>[Calls]<UL><LI><a href="#[3c]">&gt;&gt;</a>&nbsp;&nbsp;&nbsp;HAL_SYSTICK_Callback
</UL>

<P><STRONG><a name="[3c]"></a>HAL_SYSTICK_Callback</STRONG> (Thumb, 2 bytes, Stack size 0 bytes, stm32h7xx_hal_cortex.o(.text), UNUSED)
<BR><BR>[Called By]<UL><LI><a href="#[3b]">&gt;&gt;</a>&nbsp;&nbsp;&nbsp;HAL_SYSTICK_IRQHandler
</UL>

<P><STRONG><a name="[8c]"></a>HAL_GetCurrentCPUID</STRONG> (Thumb, 4 bytes, Stack size 0 bytes, stm32h7xx_hal_cortex.o(.text), UNUSED)

<P><STRONG><a name="[1]"></a>SystemInit</STRONG> (Thumb, 218 bytes, Stack size 8 bytes, system_stm32h7xx.o(.text), UNUSED)
<BR><BR>[Called By]<UL><LI><a href="#[0]">&gt;&gt;</a>&nbsp;&nbsp;&nbsp;Init
</UL>

<P><STRONG><a name="[8d]"></a>SystemCoreClockUpdate</STRONG> (Thumb, 292 bytes, Stack size 0 bytes, system_stm32h7xx.o(.text), UNUSED)

<P><STRONG><a name="[3e]"></a>__aeabi_memset</STRONG> (Thumb, 14 bytes, Stack size 0 bytes, memseta.o(.text), UNUSED)
<BR><BR>[Called By]<UL><LI><a href="#[3f]">&gt;&gt;</a>&nbsp;&nbsp;&nbsp;_memset$wrapper
<LI><a href="#[3d]">&gt;&gt;</a>&nbsp;&nbsp;&nbsp;__aeabi_memclr
</UL>

<P><STRONG><a name="[8e]"></a>__aeabi_memset4</STRONG> (Thumb, 0 bytes, Stack size 0 bytes, memseta.o(.text), UNUSED)

<P><STRONG><a name="[8f]"></a>__aeabi_memset8</STRONG> (Thumb, 0 bytes, Stack size 0 bytes, memseta.o(.text), UNUSED)

<P><STRONG><a name="[3d]"></a>__aeabi_memclr</STRONG> (Thumb, 4 bytes, Stack size 0 bytes, memseta.o(.text), UNUSED)
<BR><BR>[Calls]<UL><LI><a href="#[3e]">&gt;&gt;</a>&nbsp;&nbsp;&nbsp;__aeabi_memset
</UL>

<P><STRONG><a name="[c]"></a>__aeabi_memclr4</STRONG> (Thumb, 0 bytes, Stack size 0 bytes, memseta.o(.text), UNUSED)
<BR><BR>[Called By]<UL><LI><a href="#[19]">&gt;&gt;</a>&nbsp;&nbsp;&nbsp;QSPI_AutoPollingMemReady
<LI><a href="#[18]">&gt;&gt;</a>&nbsp;&nbsp;&nbsp;QSPI_WriteEnable
<LI><a href="#[b]">&gt;&gt;</a>&nbsp;&nbsp;&nbsp;QSPI_WriteBuffer
<LI><a href="#[9]">&gt;&gt;</a>&nbsp;&nbsp;&nbsp;QSPI_Erase_Bluck_64K
<LI><a href="#[7]">&gt;&gt;</a>&nbsp;&nbsp;&nbsp;QSPI_EraseChip
<LI><a href="#[4]">&gt;&gt;</a>&nbsp;&nbsp;&nbsp;QSPI_MemoryMapped
<LI><a href="#[3]">&gt;&gt;</a>&nbsp;&nbsp;&nbsp;bsp_InitQSPI_W25Q256
<LI><a href="#[2]">&gt;&gt;</a>&nbsp;&nbsp;&nbsp;SystemClock_Config
</UL>

<P><STRONG><a name="[90]"></a>__aeabi_memclr8</STRONG> (Thumb, 0 bytes, Stack size 0 bytes, memseta.o(.text), UNUSED)

<P><STRONG><a name="[3f]"></a>_memset$wrapper</STRONG> (Thumb, 18 bytes, Stack size 8 bytes, memseta.o(.text), UNUSED)
<BR><BR>[Calls]<UL><LI><a href="#[3e]">&gt;&gt;</a>&nbsp;&nbsp;&nbsp;__aeabi_memset
</UL>
<P>
<H3>
Local Symbols
</H3>
<P><STRONG><a name="[34]"></a>QSPI_Config</STRONG> (Thumb, 490 bytes, Stack size 40 bytes, stm32h7xx_hal_qspi.o(.text), UNUSED)
<BR><BR>[Called By]<UL><LI><a href="#[37]">&gt;&gt;</a>&nbsp;&nbsp;&nbsp;HAL_QSPI_AutoPolling_IT
<LI><a href="#[35]">&gt;&gt;</a>&nbsp;&nbsp;&nbsp;HAL_QSPI_Command_IT
<LI><a href="#[1b]">&gt;&gt;</a>&nbsp;&nbsp;&nbsp;HAL_QSPI_MemoryMapped
<LI><a href="#[17]">&gt;&gt;</a>&nbsp;&nbsp;&nbsp;HAL_QSPI_AutoPolling
<LI><a href="#[16]">&gt;&gt;</a>&nbsp;&nbsp;&nbsp;HAL_QSPI_Command
</UL>

<P><STRONG><a name="[3a]"></a>__NVIC_SystemReset</STRONG> (Thumb, 36 bytes, Stack size 0 bytes, stm32h7xx_hal_cortex.o(.text), UNUSED)
<BR><BR>[Called By]<UL><LI><a href="#[39]">&gt;&gt;</a>&nbsp;&nbsp;&nbsp;HAL_NVIC_SystemReset
</UL>
<P>
<H3>
Undefined Global Symbols
</H3><HR></body></html>
